cl/cnsv/referidosrrvv/util/CORSFilter.class
cl/cns/integracion/wsreferidosrrvv/util/CORSFilter.class
cl/cns/integracion/wsreferidosrrvv/util/EmailUtil.class
cl/cns/integracion/wsreferidosrrvv/clases/ActualizarDatosReferencias.class
cl/cns/integracion/wsreferidosrrvv/vo/ErrorCrearReferidoReferenciaBitacoraOut.class
cl/cnsv/referidosrrvv/clases/EntidadDeCargaJs.class
cl/cnsv/referidosrrvv/clases/CrearSucursales2.class
cl/cnsv/referidosrrvv/clases/ActualizarReferidoReferenciaBitacora.class
cl/cns/integracion/wsreferidosrrvv/exceptions/RollbackFailureException.class
cl/cnsv/referidosrrvv/clases/Resources.class
cl/cns/integracion/wsreferidosrrvv/models/EMCDestinatarios.class
cl/cnsv/referidosrrvv/services/SucursalesFacadeREST.class
cl/cns/integracion/wsreferidosrrvv/vo/EnvioCorreoOutput.class
cl/cns/integracion/wsreferidosrrvv/clases/ActualizarReferidoReferenciaBitacora.class
cl/cns/integracion/wsreferidosrrvv/vo/SMSDeserializer.class
cl/cnsv/referidosrrvv/clases/OutVerificaReferenciaActiva.class
cl/cnsv/referidosrrvv/clases/CrearReferidoReferenciaBitacora$ErrorCrearReferidoReferenciaBitacoraOut.class
cl/cnsv/referidosrrvv/clases/ImportarRolesUsuarios.class
cl/cns/integracion/wsreferidosrrvv/exceptions/EmailException.class
cl/cns/integracion/wsreferidosrrvv/clases/ArmarRespuestasDeEncuesta.class
cl/cnsv/referidosrrvv/clases/CrearSucursales.class
cl/cnsv/referidosrrvv/clases/CrearSucursalesEjecutivos.class
cl/cns/integracion/wsreferidosrrvv/clases/Resources.class
cl/cns/integracion/wsreferidosrrvv/controller/AccionesJpaController.class
cl/cnsv/referidosrrvv/services/AccionesFacadeREST.class
cl/cns/integracion/wsreferidosrrvv/util/CredentialsProperties.class
cl/cns/integracion/wsreferidosrrvv/clases/ImportarRolesUsuarios.class
cl/cns/integracion/wsreferidosrrvv/exceptions/IllegalOrphanException.class
cl/cns/integracion/wsreferidosrrvv/util/ValidationExceptionMapper.class
cl/cns/integracion/wsreferidosrrvv/vo/ReferenciasOutput.class
cl/cns/integracion/wsreferidosrrvv/controller/BitacorasJpaController.class
cl/cnsv/referidosrrvv/clases/CrearReferidoReferenciaBitacora.class
cl/cns/integracion/wsreferidosrrvv/models/RespuestaEncuesta.class
cl/cns/integracion/wsreferidosrrvv/controller/EjecutivosJpaController.class
cl/cns/integracion/wsreferidosrrvv/vo/GenericOutput.class
cl/cns/integracion/wsreferidosrrvv/models/EMCParametros.class
cl/cnsv/referidosrrvv/models/RespEncuesta.class
cl/cns/integracion/wsreferidosrrvv/clases/ActualizarReferidoReferenciaBitacoraNo.class
cl/cns/integracion/wsreferidosrrvv/clases/ExportarDataTable.class
cl/cnsv/referidosrrvv/clases/CrearSucursalesEjecutivos$ErrorCrearEjecutivosOut.class
cl/cnsv/referidosrrvv/clases/ActualizarDatosReferidos.class
cl/cns/integracion/wsreferidosrrvv/clases/ActualizarDatosReferidos.class
cl/cnsv/referidosrrvv/models/Sucursales.class
cl/cnsv/referidosrrvv/util/EmailUtil.class
cl/cnsv/referidosrrvv/clases/ExportarDataTable.class
cl/cnsv/referidosrrvv/clases/ActualizarDatosReferencias.class
cl/cns/integracion/wsreferidosrrvv/models/EMCDestinatario.class
cl/cns/integracion/wsreferidosrrvv/clases/Sqls.class
cl/cns/integracion/wsreferidosrrvv/util/EMCUtil.class
cl/cnsv/referidosrrvv/clases/ActualizarReferidoReferenciaBitacoraSi.class
cl/cns/integracion/wsreferidosrrvv/vo/RespuestaEncuestaInput.class
cl/cnsv/referidosrrvv/clases/Prospection.class
cl/cnsv/referidosrrvv/services/ReferidosFacadeREST.class
cl/cns/integracion/wsreferidosrrvv/vo/SMSOutput.class
cl/cnsv/referidosrrvv/services/EncuestaFacadeREST.class
cl/cns/integracion/wsreferidosrrvv/controller/SucursalesJpaController.class
cl/cns/integracion/wsreferidosrrvv/util/WebApplicationExceptionMapper.class
cl/cns/integracion/wsreferidosrrvv/clases/ReferenciasOut.class
cl/cnsv/referidosrrvv/services/ReferenciasFacadeREST.class
cl/cnsv/referidosrrvv/controller/RespEncuestaJpaController.class
cl/cnsv/referidosrrvv/clases/CrearSucursales2$ErrorCrearSucursalesOut.class
cl/cns/integracion/wsreferidosrrvv/clases/EntidadDeCargaJs.class
cl/cnsv/referidosrrvv/models/Bitacoras.class
cl/cnsv/referidosrrvv/clases/TotalesPanelEjecutivo.class
cl/cns/integracion/wsreferidosrrvv/vo/PreguntasOutput.class
cl/cns/integracion/wsreferidosrrvv/util/Constantes.class
cl/cns/integracion/wsreferidosrrvv/vo/EjecutivosOutput.class
cl/cns/integracion/wsreferidosrrvv/util/LogInterceptor.class
cl/cnsv/referidosrrvv/controller/exceptions/PreexistingEntityException.class
cl/cns/integracion/wsreferidosrrvv/models/EMCParametro.class
cl/cnsv/referidosrrvv/util/DataTablesParamUtility.class
cl/cns/integracion/wsreferidosrrvv/vo/CorreoDeserializer.class
cl/cns/integracion/wsreferidosrrvv/vo/EMCredentialsVO.class
cl/cns/integracion/wsreferidosrrvv/exceptions/NonexistentEntityException.class
cl/cns/integracion/wsreferidosrrvv/models/EmailMaticoCall.class
cl/cnsv/referidosrrvv/clases/ActualizarDatosReferencias$ErrorActualizaDatosReferenciasOut.class
cl/cns/integracion/wsreferidosrrvv/clases/ExportarReferidosList.class
cl/cns/integracion/wsreferidosrrvv/clases/ActualizarDatosReferencias$ErrorActualizaDatosReferenciasOut.class
cl/cnsv/referidosrrvv/clases/VerificarReferenciaActivaReferido.class
cl/cns/integracion/wsreferidosrrvv/vo/DatosContactoPropertiesMainVO.class
cl/cns/integracion/wsreferidosrrvv/models/EMCCliente.class
cl/cns/integracion/wsreferidosrrvv/clases/OutVerificaReferenciaActiva.class
cl/cnsv/referidosrrvv/controller/EjecutivosJpaController.class
cl/cns/integracion/wsreferidosrrvv/models/SMSCall.class
cl/cnsv/referidosrrvv/clases/ActualizarReferidoReferenciaBitacoraNo.class
cl/cns/integracion/wsreferidosrrvv/controller/ReferidosJpaController.class
cl/cns/integracion/wsreferidosrrvv/util/DatosProperties.class
cl/cns/integracion/wsreferidosrrvv/clases/DerivarMasivo2.class
cl/cns/integracion/wsreferidosrrvv/vo/DatosReferidos.class
cl/cnsv/crypto/encryption/CryptoUtil.class
cl/cns/integracion/wsreferidosrrvv/vo/ReferidosRRVV_Out.class
cl/cnsv/referidosrrvv/util/construirBodyEnviarMail.class
cl/cns/integracion/wsreferidosrrvv/exceptions/NegocioException.class
cl/cnsv/referidosrrvv/clases/Sqls.class
cl/cns/integracion/wsreferidosrrvv/services/ReferidosService.class
cl/cnsv/referidosrrvv/clases/CrearSucursales$ErrorCrearSucursalesOut.class
cl/cnsv/referidosrrvv/controller/exceptions/NonexistentEntityException.class
cl/cns/integracion/wsreferidosrrvv/clases/CrearSucursalesEjecutivos.class
cl/cns/integracion/wsreferidosrrvv/clases/JsonObjDataTable.class
cl/cnsv/referidosrrvv/clases/JsonObjDataTable.class
cl/cns/integracion/wsreferidosrrvv/vo/ListarespuestasWrapper.class
cl/cnsv/referidosrrvv/services/BitacorasFacadeREST.class
cl/cns/integracion/wsreferidosrrvv/clases/VerificarReferenciaActivaReferido.class
cl/cns/integracion/wsreferidosrrvv/clases/ExportarDataTable$1.class
cl/cnsv/referidosrrvv/clases/ReferenciasExport.class
cl/cnsv/referidosrrvv/controller/PreguntaJpaController.class
cl/cns/integracion/wsreferidosrrvv/util/JQueryDataTableParamModel.class
cl/cns/integracion/wsreferidosrrvv/exceptions/ReferidosrrvvException.class
cl/cnsv/referidosrrvv/clases/OuPprospeccion.class
cl/cnsv/referidosrrvv/controller/BitacorasJpaController.class
cl/cns/integracion/wsreferidosrrvv/exceptions/SMSException.class
cl/cnsv/referidosrrvv/util/AppStarter.class
cl/cnsv/referidosrrvv/models/Referidos.class
cl/cnsv/referidosrrvv/models/Acciones.class
cl/cns/integracion/wsreferidosrrvv/util/construirBodyEnviarMail.class
cl/cnsv/referidosrrvv/controller/exceptions/RollbackFailureException.class
cl/cns/integracion/wsreferidosrrvv/models/SMSParametros.class
cl/cnsv/referidosrrvv/services/EjecutivosFacadeREST.class
cl/cns/integracion/wsreferidosrrvv/services/EncuestaService.class
cl/cns/integracion/wsreferidosrrvv/controller/RolesusuariosJpaController.class
cl/cns/integracion/wsreferidosrrvv/vo/RespuestasOutput.class
cl/cnsv/referidosrrvv/models/Ejecutivos.class
cl/cnsv/referidosrrvv/clases/DerivarMasivo.class
cl/cnsv/referidosrrvv/controller/AccionesJpaController.class
cl/cnsv/referidosrrvv/models/Rolesusuarios.class
cl/cns/integracion/wsreferidosrrvv/services/ServiceUtils.class
cl/cns/integracion/wsreferidosrrvv/clases/ActualizarReferidoReferenciaBitacoraSi.class
cl/cnsv/referidosrrvv/controller/SucursalesJpaController.class
cl/cns/integracion/wsreferidosrrvv/exceptions/PreexistingEntityException.class
cl/cns/integracion/wsreferidosrrvv/controller/ReferenciasJpaController.class
cl/cnsv/referidosrrvv/clases/ProspeccionGetConfig.class
cl/cnsv/referidosrrvv/controller/ReferidosJpaControllerOLD.class
cl/cnsv/referidosrrvv/clases/DerivarMasivo2.class
cl/cnsv/referidosrrvv/services/RolesusuariosFacadeREST.class
cl/cnsv/referidosrrvv/controller/ReferenciasJpaController.class
cl/cns/integracion/wsreferidosrrvv/models/EMCEmail.class
cl/cnsv/referidosrrvv/util/ValidarRutProspeccion.class
cl/cns/integracion/wsreferidosrrvv/util/ResourceProperty.class
cl/cns/integracion/wsreferidosrrvv/clases/DerivarMasivo.class
cl/cnsv/referidosrrvv/models/Pregunta.class
cl/cnsv/referidosrrvv/controller/RolesusuariosJpaController.class
cl/cnsv/referidosrrvv/controller/exceptions/IllegalOrphanException.class
cl/cns/integracion/wsreferidosrrvv/clases/CrearReferidoReferenciaBitacora.class
cl/cnsv/referidosrrvv/controller/ReferidosJpaController.class
cl/cnsv/referidosrrvv/clases/ExportarReferidosList.class
cl/cnsv/referidosrrvv/services/AbstractFacade.class
cl/cns/integracion/wsreferidosrrvv/services/EjecutivosService.class
cl/cnsv/referidosrrvv/models/Referencias.class
cl/cnsv/referidosrrvv/services/ApplicationConfig.class
cl/cnsv/referidosrrvv/clases/ValidaRutProspeccion.class
cl/cnsv/referidosrrvv/clases/Prospection2.class
cl/cnsv/referidosrrvv/clases/UpProspeccionTh.class
cl/cnsv/referidosrrvv/util/JQueryDataTableParamModel.class
cl/cns/integracion/wsreferidosrrvv/util/DataTablesParamUtility.class
cl/cnsv/referidosrrvv/clases/ArmarRespuestasDeEncuesta.class
cl/cnsv/referidosrrvv/controller/SucursalesJpaController1.class
cl/cnsv/referidosrrvv/clases/ReferenciasOut.class
cl/cnsv/referidosrrvv/clases/RolesUsuariosNombre.class
cl/cns/integracion/wsreferidosrrvv/clases/ReferenciasExport.class
cl/cns/integracion/wsreferidosrrvv/util/SMSUtil.class
cl/cnsv/referidosrrvv/clases/OutActualizaProspeccion.class
cl/cns/integracion/wsreferidosrrvv/services/ReferidosValidaciones.class
