/Users/carlosocando/Documentos/referidos_elias/git/refderidos/git/rereferidosrrvv-git/src/main/java/cl/cns/integracion/wsreferidosrrvv/clases/ActualizarDatosReferencias.java
/Users/carlosocando/Documentos/referidos_elias/git/refderidos/git/rereferidosrrvv-git/src/main/java/cl/cns/integracion/wsreferidosrrvv/clases/ActualizarDatosReferidos.java
/Users/carlosocando/Documentos/referidos_elias/git/refderidos/git/rereferidosrrvv-git/src/main/java/cl/cns/integracion/wsreferidosrrvv/clases/ActualizarReferidoReferenciaBitacora.java
/Users/carlosocando/Documentos/referidos_elias/git/refderidos/git/rereferidosrrvv-git/src/main/java/cl/cns/integracion/wsreferidosrrvv/clases/ActualizarReferidoReferenciaBitacoraNo.java
/Users/carlosocando/Documentos/referidos_elias/git/refderidos/git/rereferidosrrvv-git/src/main/java/cl/cns/integracion/wsreferidosrrvv/clases/ActualizarReferidoReferenciaBitacoraSi.java
/Users/carlosocando/Documentos/referidos_elias/git/refderidos/git/rereferidosrrvv-git/src/main/java/cl/cns/integracion/wsreferidosrrvv/clases/ArmarRespuestasDeEncuesta.java
/Users/carlosocando/Documentos/referidos_elias/git/refderidos/git/rereferidosrrvv-git/src/main/java/cl/cns/integracion/wsreferidosrrvv/clases/CrearReferidoReferenciaBitacora.java
/Users/carlosocando/Documentos/referidos_elias/git/refderidos/git/rereferidosrrvv-git/src/main/java/cl/cns/integracion/wsreferidosrrvv/clases/CrearSucursalesEjecutivos.java
/Users/carlosocando/Documentos/referidos_elias/git/refderidos/git/rereferidosrrvv-git/src/main/java/cl/cns/integracion/wsreferidosrrvv/clases/DerivarMasivo.java
/Users/carlosocando/Documentos/referidos_elias/git/refderidos/git/rereferidosrrvv-git/src/main/java/cl/cns/integracion/wsreferidosrrvv/clases/DerivarMasivo2.java
/Users/carlosocando/Documentos/referidos_elias/git/refderidos/git/rereferidosrrvv-git/src/main/java/cl/cns/integracion/wsreferidosrrvv/clases/EntidadDeCargaJs.java
/Users/carlosocando/Documentos/referidos_elias/git/refderidos/git/rereferidosrrvv-git/src/main/java/cl/cns/integracion/wsreferidosrrvv/clases/ExportarDataTable.java
/Users/carlosocando/Documentos/referidos_elias/git/refderidos/git/rereferidosrrvv-git/src/main/java/cl/cns/integracion/wsreferidosrrvv/clases/ExportarReferidosList.java
/Users/carlosocando/Documentos/referidos_elias/git/refderidos/git/rereferidosrrvv-git/src/main/java/cl/cns/integracion/wsreferidosrrvv/clases/ImportarRolesUsuarios.java
/Users/carlosocando/Documentos/referidos_elias/git/refderidos/git/rereferidosrrvv-git/src/main/java/cl/cns/integracion/wsreferidosrrvv/clases/JsonObjDataTable.java
/Users/carlosocando/Documentos/referidos_elias/git/refderidos/git/rereferidosrrvv-git/src/main/java/cl/cns/integracion/wsreferidosrrvv/clases/OutVerificaReferenciaActiva.java
/Users/carlosocando/Documentos/referidos_elias/git/refderidos/git/rereferidosrrvv-git/src/main/java/cl/cns/integracion/wsreferidosrrvv/clases/ReferenciasExport.java
/Users/carlosocando/Documentos/referidos_elias/git/refderidos/git/rereferidosrrvv-git/src/main/java/cl/cns/integracion/wsreferidosrrvv/clases/ReferenciasOut.java
/Users/carlosocando/Documentos/referidos_elias/git/refderidos/git/rereferidosrrvv-git/src/main/java/cl/cns/integracion/wsreferidosrrvv/clases/Resources.java
/Users/carlosocando/Documentos/referidos_elias/git/refderidos/git/rereferidosrrvv-git/src/main/java/cl/cns/integracion/wsreferidosrrvv/clases/Sqls.java
/Users/carlosocando/Documentos/referidos_elias/git/refderidos/git/rereferidosrrvv-git/src/main/java/cl/cns/integracion/wsreferidosrrvv/clases/VerificarReferenciaActivaReferido.java
/Users/carlosocando/Documentos/referidos_elias/git/refderidos/git/rereferidosrrvv-git/src/main/java/cl/cns/integracion/wsreferidosrrvv/controller/AccionesJpaController.java
/Users/carlosocando/Documentos/referidos_elias/git/refderidos/git/rereferidosrrvv-git/src/main/java/cl/cns/integracion/wsreferidosrrvv/controller/BitacorasJpaController.java
/Users/carlosocando/Documentos/referidos_elias/git/refderidos/git/rereferidosrrvv-git/src/main/java/cl/cns/integracion/wsreferidosrrvv/controller/EjecutivosJpaController.java
/Users/carlosocando/Documentos/referidos_elias/git/refderidos/git/rereferidosrrvv-git/src/main/java/cl/cns/integracion/wsreferidosrrvv/controller/ReferenciasJpaController.java
/Users/carlosocando/Documentos/referidos_elias/git/refderidos/git/rereferidosrrvv-git/src/main/java/cl/cns/integracion/wsreferidosrrvv/controller/ReferidosJpaController.java
/Users/carlosocando/Documentos/referidos_elias/git/refderidos/git/rereferidosrrvv-git/src/main/java/cl/cns/integracion/wsreferidosrrvv/controller/RolesusuariosJpaController.java
/Users/carlosocando/Documentos/referidos_elias/git/refderidos/git/rereferidosrrvv-git/src/main/java/cl/cns/integracion/wsreferidosrrvv/controller/SucursalesJpaController.java
/Users/carlosocando/Documentos/referidos_elias/git/refderidos/git/rereferidosrrvv-git/src/main/java/cl/cns/integracion/wsreferidosrrvv/exceptions/EmailException.java
/Users/carlosocando/Documentos/referidos_elias/git/refderidos/git/rereferidosrrvv-git/src/main/java/cl/cns/integracion/wsreferidosrrvv/exceptions/IllegalOrphanException.java
/Users/carlosocando/Documentos/referidos_elias/git/refderidos/git/rereferidosrrvv-git/src/main/java/cl/cns/integracion/wsreferidosrrvv/exceptions/NegocioException.java
/Users/carlosocando/Documentos/referidos_elias/git/refderidos/git/rereferidosrrvv-git/src/main/java/cl/cns/integracion/wsreferidosrrvv/exceptions/NonexistentEntityException.java
/Users/carlosocando/Documentos/referidos_elias/git/refderidos/git/rereferidosrrvv-git/src/main/java/cl/cns/integracion/wsreferidosrrvv/exceptions/PreexistingEntityException.java
/Users/carlosocando/Documentos/referidos_elias/git/refderidos/git/rereferidosrrvv-git/src/main/java/cl/cns/integracion/wsreferidosrrvv/exceptions/ReferidosrrvvException.java
/Users/carlosocando/Documentos/referidos_elias/git/refderidos/git/rereferidosrrvv-git/src/main/java/cl/cns/integracion/wsreferidosrrvv/exceptions/RollbackFailureException.java
/Users/carlosocando/Documentos/referidos_elias/git/refderidos/git/rereferidosrrvv-git/src/main/java/cl/cns/integracion/wsreferidosrrvv/exceptions/SMSException.java
/Users/carlosocando/Documentos/referidos_elias/git/refderidos/git/rereferidosrrvv-git/src/main/java/cl/cns/integracion/wsreferidosrrvv/models/EMCCliente.java
/Users/carlosocando/Documentos/referidos_elias/git/refderidos/git/rereferidosrrvv-git/src/main/java/cl/cns/integracion/wsreferidosrrvv/models/EMCDestinatario.java
/Users/carlosocando/Documentos/referidos_elias/git/refderidos/git/rereferidosrrvv-git/src/main/java/cl/cns/integracion/wsreferidosrrvv/models/EMCDestinatarios.java
/Users/carlosocando/Documentos/referidos_elias/git/refderidos/git/rereferidosrrvv-git/src/main/java/cl/cns/integracion/wsreferidosrrvv/models/EMCEmail.java
/Users/carlosocando/Documentos/referidos_elias/git/refderidos/git/rereferidosrrvv-git/src/main/java/cl/cns/integracion/wsreferidosrrvv/models/EMCParametro.java
/Users/carlosocando/Documentos/referidos_elias/git/refderidos/git/rereferidosrrvv-git/src/main/java/cl/cns/integracion/wsreferidosrrvv/models/EMCParametros.java
/Users/carlosocando/Documentos/referidos_elias/git/refderidos/git/rereferidosrrvv-git/src/main/java/cl/cns/integracion/wsreferidosrrvv/models/EmailMaticoCall.java
/Users/carlosocando/Documentos/referidos_elias/git/refderidos/git/rereferidosrrvv-git/src/main/java/cl/cns/integracion/wsreferidosrrvv/models/RespuestaEncuesta.java
/Users/carlosocando/Documentos/referidos_elias/git/refderidos/git/rereferidosrrvv-git/src/main/java/cl/cns/integracion/wsreferidosrrvv/models/SMSCall.java
/Users/carlosocando/Documentos/referidos_elias/git/refderidos/git/rereferidosrrvv-git/src/main/java/cl/cns/integracion/wsreferidosrrvv/models/SMSParametros.java
/Users/carlosocando/Documentos/referidos_elias/git/refderidos/git/rereferidosrrvv-git/src/main/java/cl/cns/integracion/wsreferidosrrvv/services/EjecutivosService.java
/Users/carlosocando/Documentos/referidos_elias/git/refderidos/git/rereferidosrrvv-git/src/main/java/cl/cns/integracion/wsreferidosrrvv/services/EncuestaService.java
/Users/carlosocando/Documentos/referidos_elias/git/refderidos/git/rereferidosrrvv-git/src/main/java/cl/cns/integracion/wsreferidosrrvv/services/ReferidosService.java
/Users/carlosocando/Documentos/referidos_elias/git/refderidos/git/rereferidosrrvv-git/src/main/java/cl/cns/integracion/wsreferidosrrvv/services/ReferidosValidaciones.java
/Users/carlosocando/Documentos/referidos_elias/git/refderidos/git/rereferidosrrvv-git/src/main/java/cl/cns/integracion/wsreferidosrrvv/services/ServiceUtils.java
/Users/carlosocando/Documentos/referidos_elias/git/refderidos/git/rereferidosrrvv-git/src/main/java/cl/cns/integracion/wsreferidosrrvv/util/CORSFilter.java
/Users/carlosocando/Documentos/referidos_elias/git/refderidos/git/rereferidosrrvv-git/src/main/java/cl/cns/integracion/wsreferidosrrvv/util/Constantes.java
/Users/carlosocando/Documentos/referidos_elias/git/refderidos/git/rereferidosrrvv-git/src/main/java/cl/cns/integracion/wsreferidosrrvv/util/CredentialsProperties.java
/Users/carlosocando/Documentos/referidos_elias/git/refderidos/git/rereferidosrrvv-git/src/main/java/cl/cns/integracion/wsreferidosrrvv/util/DataTablesParamUtility.java
/Users/carlosocando/Documentos/referidos_elias/git/refderidos/git/rereferidosrrvv-git/src/main/java/cl/cns/integracion/wsreferidosrrvv/util/DatosProperties.java
/Users/carlosocando/Documentos/referidos_elias/git/refderidos/git/rereferidosrrvv-git/src/main/java/cl/cns/integracion/wsreferidosrrvv/util/EMCUtil.java
/Users/carlosocando/Documentos/referidos_elias/git/refderidos/git/rereferidosrrvv-git/src/main/java/cl/cns/integracion/wsreferidosrrvv/util/EmailUtil.java
/Users/carlosocando/Documentos/referidos_elias/git/refderidos/git/rereferidosrrvv-git/src/main/java/cl/cns/integracion/wsreferidosrrvv/util/JQueryDataTableParamModel.java
/Users/carlosocando/Documentos/referidos_elias/git/refderidos/git/rereferidosrrvv-git/src/main/java/cl/cns/integracion/wsreferidosrrvv/util/LogInterceptor.java
/Users/carlosocando/Documentos/referidos_elias/git/refderidos/git/rereferidosrrvv-git/src/main/java/cl/cns/integracion/wsreferidosrrvv/util/ResourceProperty.java
/Users/carlosocando/Documentos/referidos_elias/git/refderidos/git/rereferidosrrvv-git/src/main/java/cl/cns/integracion/wsreferidosrrvv/util/SMSUtil.java
/Users/carlosocando/Documentos/referidos_elias/git/refderidos/git/rereferidosrrvv-git/src/main/java/cl/cns/integracion/wsreferidosrrvv/util/ValidationExceptionMapper.java
/Users/carlosocando/Documentos/referidos_elias/git/refderidos/git/rereferidosrrvv-git/src/main/java/cl/cns/integracion/wsreferidosrrvv/util/WebApplicationExceptionMapper.java
/Users/carlosocando/Documentos/referidos_elias/git/refderidos/git/rereferidosrrvv-git/src/main/java/cl/cns/integracion/wsreferidosrrvv/util/construirBodyEnviarMail.java
/Users/carlosocando/Documentos/referidos_elias/git/refderidos/git/rereferidosrrvv-git/src/main/java/cl/cns/integracion/wsreferidosrrvv/vo/CorreoDeserializer.java
/Users/carlosocando/Documentos/referidos_elias/git/refderidos/git/rereferidosrrvv-git/src/main/java/cl/cns/integracion/wsreferidosrrvv/vo/DatosContactoPropertiesMainVO.java
/Users/carlosocando/Documentos/referidos_elias/git/refderidos/git/rereferidosrrvv-git/src/main/java/cl/cns/integracion/wsreferidosrrvv/vo/DatosReferidos.java
/Users/carlosocando/Documentos/referidos_elias/git/refderidos/git/rereferidosrrvv-git/src/main/java/cl/cns/integracion/wsreferidosrrvv/vo/EMCredentialsVO.java
/Users/carlosocando/Documentos/referidos_elias/git/refderidos/git/rereferidosrrvv-git/src/main/java/cl/cns/integracion/wsreferidosrrvv/vo/EjecutivosOutput.java
/Users/carlosocando/Documentos/referidos_elias/git/refderidos/git/rereferidosrrvv-git/src/main/java/cl/cns/integracion/wsreferidosrrvv/vo/EnvioCorreoOutput.java
/Users/carlosocando/Documentos/referidos_elias/git/refderidos/git/rereferidosrrvv-git/src/main/java/cl/cns/integracion/wsreferidosrrvv/vo/ErrorCrearReferidoReferenciaBitacoraOut.java
/Users/carlosocando/Documentos/referidos_elias/git/refderidos/git/rereferidosrrvv-git/src/main/java/cl/cns/integracion/wsreferidosrrvv/vo/GenericOutput.java
/Users/carlosocando/Documentos/referidos_elias/git/refderidos/git/rereferidosrrvv-git/src/main/java/cl/cns/integracion/wsreferidosrrvv/vo/ListarespuestasWrapper.java
/Users/carlosocando/Documentos/referidos_elias/git/refderidos/git/rereferidosrrvv-git/src/main/java/cl/cns/integracion/wsreferidosrrvv/vo/PreguntasOutput.java
/Users/carlosocando/Documentos/referidos_elias/git/refderidos/git/rereferidosrrvv-git/src/main/java/cl/cns/integracion/wsreferidosrrvv/vo/ReferenciasOutput.java
/Users/carlosocando/Documentos/referidos_elias/git/refderidos/git/rereferidosrrvv-git/src/main/java/cl/cns/integracion/wsreferidosrrvv/vo/ReferidosRRVV_Out.java
/Users/carlosocando/Documentos/referidos_elias/git/refderidos/git/rereferidosrrvv-git/src/main/java/cl/cns/integracion/wsreferidosrrvv/vo/RespuestaEncuestaInput.java
/Users/carlosocando/Documentos/referidos_elias/git/refderidos/git/rereferidosrrvv-git/src/main/java/cl/cns/integracion/wsreferidosrrvv/vo/RespuestasOutput.java
/Users/carlosocando/Documentos/referidos_elias/git/refderidos/git/rereferidosrrvv-git/src/main/java/cl/cns/integracion/wsreferidosrrvv/vo/SMSDeserializer.java
/Users/carlosocando/Documentos/referidos_elias/git/refderidos/git/rereferidosrrvv-git/src/main/java/cl/cns/integracion/wsreferidosrrvv/vo/SMSOutput.java
/Users/carlosocando/Documentos/referidos_elias/git/refderidos/git/rereferidosrrvv-git/src/main/java/cl/cnsv/crypto/encryption/CryptoUtil.java
/Users/carlosocando/Documentos/referidos_elias/git/refderidos/git/rereferidosrrvv-git/src/main/java/cl/cnsv/referidosrrvv/clases/ActualizarDatosReferencias.java
/Users/carlosocando/Documentos/referidos_elias/git/refderidos/git/rereferidosrrvv-git/src/main/java/cl/cnsv/referidosrrvv/clases/ActualizarDatosReferidos.java
/Users/carlosocando/Documentos/referidos_elias/git/refderidos/git/rereferidosrrvv-git/src/main/java/cl/cnsv/referidosrrvv/clases/ActualizarReferidoReferenciaBitacora.java
/Users/carlosocando/Documentos/referidos_elias/git/refderidos/git/rereferidosrrvv-git/src/main/java/cl/cnsv/referidosrrvv/clases/ActualizarReferidoReferenciaBitacoraNo.java
/Users/carlosocando/Documentos/referidos_elias/git/refderidos/git/rereferidosrrvv-git/src/main/java/cl/cnsv/referidosrrvv/clases/ActualizarReferidoReferenciaBitacoraSi.java
/Users/carlosocando/Documentos/referidos_elias/git/refderidos/git/rereferidosrrvv-git/src/main/java/cl/cnsv/referidosrrvv/clases/ArmarRespuestasDeEncuesta.java
/Users/carlosocando/Documentos/referidos_elias/git/refderidos/git/rereferidosrrvv-git/src/main/java/cl/cnsv/referidosrrvv/clases/CrearReferidoReferenciaBitacora.java
/Users/carlosocando/Documentos/referidos_elias/git/refderidos/git/rereferidosrrvv-git/src/main/java/cl/cnsv/referidosrrvv/clases/CrearSucursales.java
/Users/carlosocando/Documentos/referidos_elias/git/refderidos/git/rereferidosrrvv-git/src/main/java/cl/cnsv/referidosrrvv/clases/CrearSucursales2.java
/Users/carlosocando/Documentos/referidos_elias/git/refderidos/git/rereferidosrrvv-git/src/main/java/cl/cnsv/referidosrrvv/clases/CrearSucursalesEjecutivos.java
/Users/carlosocando/Documentos/referidos_elias/git/refderidos/git/rereferidosrrvv-git/src/main/java/cl/cnsv/referidosrrvv/clases/DerivarMasivo.java
/Users/carlosocando/Documentos/referidos_elias/git/refderidos/git/rereferidosrrvv-git/src/main/java/cl/cnsv/referidosrrvv/clases/DerivarMasivo2.java
/Users/carlosocando/Documentos/referidos_elias/git/refderidos/git/rereferidosrrvv-git/src/main/java/cl/cnsv/referidosrrvv/clases/EntidadDeCargaJs.java
/Users/carlosocando/Documentos/referidos_elias/git/refderidos/git/rereferidosrrvv-git/src/main/java/cl/cnsv/referidosrrvv/clases/ExportarDataTable.java
/Users/carlosocando/Documentos/referidos_elias/git/refderidos/git/rereferidosrrvv-git/src/main/java/cl/cnsv/referidosrrvv/clases/ExportarReferidosList.java
/Users/carlosocando/Documentos/referidos_elias/git/refderidos/git/rereferidosrrvv-git/src/main/java/cl/cnsv/referidosrrvv/clases/ImportarRolesUsuarios.java
/Users/carlosocando/Documentos/referidos_elias/git/refderidos/git/rereferidosrrvv-git/src/main/java/cl/cnsv/referidosrrvv/clases/JsonObjDataTable.java
/Users/carlosocando/Documentos/referidos_elias/git/refderidos/git/rereferidosrrvv-git/src/main/java/cl/cnsv/referidosrrvv/clases/OuPprospeccion.java
/Users/carlosocando/Documentos/referidos_elias/git/refderidos/git/rereferidosrrvv-git/src/main/java/cl/cnsv/referidosrrvv/clases/OutActualizaProspeccion.java
/Users/carlosocando/Documentos/referidos_elias/git/refderidos/git/rereferidosrrvv-git/src/main/java/cl/cnsv/referidosrrvv/clases/OutVerificaReferenciaActiva.java
/Users/carlosocando/Documentos/referidos_elias/git/refderidos/git/rereferidosrrvv-git/src/main/java/cl/cnsv/referidosrrvv/clases/ProspeccionGetConfig.java
/Users/carlosocando/Documentos/referidos_elias/git/refderidos/git/rereferidosrrvv-git/src/main/java/cl/cnsv/referidosrrvv/clases/Prospection.java
/Users/carlosocando/Documentos/referidos_elias/git/refderidos/git/rereferidosrrvv-git/src/main/java/cl/cnsv/referidosrrvv/clases/Prospection2.java
/Users/carlosocando/Documentos/referidos_elias/git/refderidos/git/rereferidosrrvv-git/src/main/java/cl/cnsv/referidosrrvv/clases/ReferenciasExport.java
/Users/carlosocando/Documentos/referidos_elias/git/refderidos/git/rereferidosrrvv-git/src/main/java/cl/cnsv/referidosrrvv/clases/ReferenciasOut.java
/Users/carlosocando/Documentos/referidos_elias/git/refderidos/git/rereferidosrrvv-git/src/main/java/cl/cnsv/referidosrrvv/clases/Resources.java
/Users/carlosocando/Documentos/referidos_elias/git/refderidos/git/rereferidosrrvv-git/src/main/java/cl/cnsv/referidosrrvv/clases/RolesUsuariosNombre.java
/Users/carlosocando/Documentos/referidos_elias/git/refderidos/git/rereferidosrrvv-git/src/main/java/cl/cnsv/referidosrrvv/clases/Sqls.java
/Users/carlosocando/Documentos/referidos_elias/git/refderidos/git/rereferidosrrvv-git/src/main/java/cl/cnsv/referidosrrvv/clases/TotalesPanelEjecutivo.java
/Users/carlosocando/Documentos/referidos_elias/git/refderidos/git/rereferidosrrvv-git/src/main/java/cl/cnsv/referidosrrvv/clases/UpProspeccionTh.java
/Users/carlosocando/Documentos/referidos_elias/git/refderidos/git/rereferidosrrvv-git/src/main/java/cl/cnsv/referidosrrvv/clases/ValidaRutProspeccion.java
/Users/carlosocando/Documentos/referidos_elias/git/refderidos/git/rereferidosrrvv-git/src/main/java/cl/cnsv/referidosrrvv/clases/VerificarReferenciaActivaReferido.java
/Users/carlosocando/Documentos/referidos_elias/git/refderidos/git/rereferidosrrvv-git/src/main/java/cl/cnsv/referidosrrvv/controller/AccionesJpaController.java
/Users/carlosocando/Documentos/referidos_elias/git/refderidos/git/rereferidosrrvv-git/src/main/java/cl/cnsv/referidosrrvv/controller/BitacorasJpaController.java
/Users/carlosocando/Documentos/referidos_elias/git/refderidos/git/rereferidosrrvv-git/src/main/java/cl/cnsv/referidosrrvv/controller/EjecutivosJpaController.java
/Users/carlosocando/Documentos/referidos_elias/git/refderidos/git/rereferidosrrvv-git/src/main/java/cl/cnsv/referidosrrvv/controller/PreguntaJpaController.java
/Users/carlosocando/Documentos/referidos_elias/git/refderidos/git/rereferidosrrvv-git/src/main/java/cl/cnsv/referidosrrvv/controller/ReferenciasJpaController.java
/Users/carlosocando/Documentos/referidos_elias/git/refderidos/git/rereferidosrrvv-git/src/main/java/cl/cnsv/referidosrrvv/controller/ReferidosJpaController.java
/Users/carlosocando/Documentos/referidos_elias/git/refderidos/git/rereferidosrrvv-git/src/main/java/cl/cnsv/referidosrrvv/controller/ReferidosJpaControllerOLD.java
/Users/carlosocando/Documentos/referidos_elias/git/refderidos/git/rereferidosrrvv-git/src/main/java/cl/cnsv/referidosrrvv/controller/RespEncuestaJpaController.java
/Users/carlosocando/Documentos/referidos_elias/git/refderidos/git/rereferidosrrvv-git/src/main/java/cl/cnsv/referidosrrvv/controller/RolesusuariosJpaController.java
/Users/carlosocando/Documentos/referidos_elias/git/refderidos/git/rereferidosrrvv-git/src/main/java/cl/cnsv/referidosrrvv/controller/SucursalesJpaController.java
/Users/carlosocando/Documentos/referidos_elias/git/refderidos/git/rereferidosrrvv-git/src/main/java/cl/cnsv/referidosrrvv/controller/SucursalesJpaController1.java
/Users/carlosocando/Documentos/referidos_elias/git/refderidos/git/rereferidosrrvv-git/src/main/java/cl/cnsv/referidosrrvv/controller/exceptions/IllegalOrphanException.java
/Users/carlosocando/Documentos/referidos_elias/git/refderidos/git/rereferidosrrvv-git/src/main/java/cl/cnsv/referidosrrvv/controller/exceptions/NonexistentEntityException.java
/Users/carlosocando/Documentos/referidos_elias/git/refderidos/git/rereferidosrrvv-git/src/main/java/cl/cnsv/referidosrrvv/controller/exceptions/PreexistingEntityException.java
/Users/carlosocando/Documentos/referidos_elias/git/refderidos/git/rereferidosrrvv-git/src/main/java/cl/cnsv/referidosrrvv/controller/exceptions/RollbackFailureException.java
/Users/carlosocando/Documentos/referidos_elias/git/refderidos/git/rereferidosrrvv-git/src/main/java/cl/cnsv/referidosrrvv/models/Acciones.java
/Users/carlosocando/Documentos/referidos_elias/git/refderidos/git/rereferidosrrvv-git/src/main/java/cl/cnsv/referidosrrvv/models/Bitacoras.java
/Users/carlosocando/Documentos/referidos_elias/git/refderidos/git/rereferidosrrvv-git/src/main/java/cl/cnsv/referidosrrvv/models/Ejecutivos.java
/Users/carlosocando/Documentos/referidos_elias/git/refderidos/git/rereferidosrrvv-git/src/main/java/cl/cnsv/referidosrrvv/models/Pregunta.java
/Users/carlosocando/Documentos/referidos_elias/git/refderidos/git/rereferidosrrvv-git/src/main/java/cl/cnsv/referidosrrvv/models/Referencias.java
/Users/carlosocando/Documentos/referidos_elias/git/refderidos/git/rereferidosrrvv-git/src/main/java/cl/cnsv/referidosrrvv/models/Referidos.java
/Users/carlosocando/Documentos/referidos_elias/git/refderidos/git/rereferidosrrvv-git/src/main/java/cl/cnsv/referidosrrvv/models/RespEncuesta.java
/Users/carlosocando/Documentos/referidos_elias/git/refderidos/git/rereferidosrrvv-git/src/main/java/cl/cnsv/referidosrrvv/models/Rolesusuarios.java
/Users/carlosocando/Documentos/referidos_elias/git/refderidos/git/rereferidosrrvv-git/src/main/java/cl/cnsv/referidosrrvv/models/Sucursales.java
/Users/carlosocando/Documentos/referidos_elias/git/refderidos/git/rereferidosrrvv-git/src/main/java/cl/cnsv/referidosrrvv/services/AbstractFacade.java
/Users/carlosocando/Documentos/referidos_elias/git/refderidos/git/rereferidosrrvv-git/src/main/java/cl/cnsv/referidosrrvv/services/AccionesFacadeREST.java
/Users/carlosocando/Documentos/referidos_elias/git/refderidos/git/rereferidosrrvv-git/src/main/java/cl/cnsv/referidosrrvv/services/ApplicationConfig.java
/Users/carlosocando/Documentos/referidos_elias/git/refderidos/git/rereferidosrrvv-git/src/main/java/cl/cnsv/referidosrrvv/services/BitacorasFacadeREST.java
/Users/carlosocando/Documentos/referidos_elias/git/refderidos/git/rereferidosrrvv-git/src/main/java/cl/cnsv/referidosrrvv/services/EjecutivosFacadeREST.java
/Users/carlosocando/Documentos/referidos_elias/git/refderidos/git/rereferidosrrvv-git/src/main/java/cl/cnsv/referidosrrvv/services/EncuestaFacadeREST.java
/Users/carlosocando/Documentos/referidos_elias/git/refderidos/git/rereferidosrrvv-git/src/main/java/cl/cnsv/referidosrrvv/services/ReferenciasFacadeREST.java
/Users/carlosocando/Documentos/referidos_elias/git/refderidos/git/rereferidosrrvv-git/src/main/java/cl/cnsv/referidosrrvv/services/ReferidosFacadeREST.java
/Users/carlosocando/Documentos/referidos_elias/git/refderidos/git/rereferidosrrvv-git/src/main/java/cl/cnsv/referidosrrvv/services/RolesusuariosFacadeREST.java
/Users/carlosocando/Documentos/referidos_elias/git/refderidos/git/rereferidosrrvv-git/src/main/java/cl/cnsv/referidosrrvv/services/SucursalesFacadeREST.java
/Users/carlosocando/Documentos/referidos_elias/git/refderidos/git/rereferidosrrvv-git/src/main/java/cl/cnsv/referidosrrvv/util/AppStarter.java
/Users/carlosocando/Documentos/referidos_elias/git/refderidos/git/rereferidosrrvv-git/src/main/java/cl/cnsv/referidosrrvv/util/CORSFilter.java
/Users/carlosocando/Documentos/referidos_elias/git/refderidos/git/rereferidosrrvv-git/src/main/java/cl/cnsv/referidosrrvv/util/DataTablesParamUtility.java
/Users/carlosocando/Documentos/referidos_elias/git/refderidos/git/rereferidosrrvv-git/src/main/java/cl/cnsv/referidosrrvv/util/EmailUtil.java
/Users/carlosocando/Documentos/referidos_elias/git/refderidos/git/rereferidosrrvv-git/src/main/java/cl/cnsv/referidosrrvv/util/JQueryDataTableParamModel.java
/Users/carlosocando/Documentos/referidos_elias/git/refderidos/git/rereferidosrrvv-git/src/main/java/cl/cnsv/referidosrrvv/util/ValidarRutProspeccion.java
/Users/carlosocando/Documentos/referidos_elias/git/refderidos/git/rereferidosrrvv-git/src/main/java/cl/cnsv/referidosrrvv/util/construirBodyEnviarMail.java
